Microchip MPLAB XC8 Compiler V2.32

Linker command line:

-W-3 --edf=C:\Program Files\Microchip\xc8\v2.32\pic\dat\en_msgs.txt -cn \
  -h+dist/default/production\Final.X.production.sym \
  --cmf=dist/default/production\Final.X.production.cmf -z -Q18F4520 \
  -oC:\Users\mathe\AppData\Local\Temp\xcAst0.4 --defsym=__MPLAB_BUILD=1 \
  -Mdist/default/production/Final.X.production.map -E1 -ver=XC8 Compiler \
  --acfsm=1493 -ASTACK=080h-05FFh -pstack=STACK -ACODE=00h-07FFFh \
  -ACONST=00h-07FFFh -ASMALLCONST=0600h-06FFhx122 \
  -AMEDIUMCONST=0600h-07FFFh -ACOMRAM=01h-07Fh -AABS1=00h-05FFh \
  -ABIGRAM=01h-05FFh -ARAM=080h-0FFh,0100h-01FFhx5 -ABANK0=080h-0FFh \
  -ABANK1=0100h-01FFh -ABANK2=0200h-02FFh -ABANK3=0300h-03FFh \
  -ABANK4=0400h-04FFh -ABANK5=0500h-05FFh -ASFR=0F80h-0FFFh \
  -ACONFIG=0300000h-030000Dh -AIDLOC=0200000h-0200007h \
  -AEEDATA=0F00000h-0F000FFh -peeprom_data=EEDATA \
  -preset_vec=00h,intcode,intcodelo,powerup,init -pramtop=0600h \
  -psmallconst=SMALLCONST -pmediumconst=MEDIUMCONST -pconst=CONST \
  -AFARRAM=00h-00h \
  -prdata=COMRAM,nvrram=COMRAM,nvbit=COMRAM,rbss=COMRAM,rbit=COMRAM \
  -pfarbss=FARRAM,fardata=FARRAM,nvFARRAM=FARRAM \
  -pintsave_regs=BIGRAM,bigbss=BIGRAM,bigdata=BIGRAM -pbss=RAM \
  -pidata=CODE,irdata=CODE,ibigdata=CODE,ifardata=CODE -prparam=COMRAM \
  C:\Users\mathe\AppData\Local\Temp\xcAst0.o \
  dist/default/production\Final.X.production.o 

Object code version is 3.11

Machine type is 18F4520



                Name                               Link     Load   Length Selector   Space Scale
C:\Users\mathe\AppData\Local\Temp\xcAst0.o
                idloc                            200000   200000        8        0       5
                config                           300000   300000        E        0       4
                init                                  0        0        4        0       0
dist/default/production\Final.X.production.o
                idloc                            200000   200000        8        0       5
                config                           300000   300000        E        0       4
                smallconst                          600      600       74      300       0
                text33                             1734     1734       C4      33A       0
                text32                             17F8     17F8       B0      33A       0
                text31                              C3A      C3A      24E      33A       0
                text30                             1EDA     1EDA       30      33A       0
                text29                             1E8A     1E8A       50      33A       0
                text28                             1950     1950       A4      33A       0
                text27                             19F4     19F4       88      33A       0
                text26                             1D34     1D34       58      33A       0
                text25                              9EC      9EC      24E      33A       0
                text24                             14DC     14DC      14C      33A       0
                text23                             1060     1060      184      33A       0
                text22                             1628     1628      10C      33A       0
                text21                             1F30     1F30       26      33A       0
                text20                             1BEA     1BEA       74      33A       0
                text19                             1F0A     1F0A       26      33A       0
                text18                             1C5E     1C5E       6C      33A       0
                text17                             1FCE     1FCE        A      33A       0
                text16                             1F72     1F72       18      33A       0
                text15                             1F56     1F56       1C      33A       0
                text14                             1A7C     1A7C       7E      33A       0
                text13                             1B72     1B72       78      33A       0
                text12                             1E36     1E36       54      33A       0
                text11                             1AFA     1AFA       78      33A       0
                text10                             1FA0     1FA0       14      33A       0
                text9                              1D8C     1D8C       56      33A       0
                text8                              18A8     18A8       A8      33A       0
                text7                              1CCA     1CCA       6A      33A       0
                text6                              1362     1362      17A      33A       0
                text5                              1FC4     1FC4        A      33A       0
                text4                               674      674      378      33A       0
                text3                               E88      E88      1D8      33A       0
                text2                              11E4     11E4      17E      33A       0
                text1                              1DE2     1DE2       54      33A       0
                text0                              1FB4     1FB4       10      33A       0
                cstackCOMRAM                          1        1       2B        1       1
                bssCOMRAM                            2C       2C       21        1       1
                cinit                              1F8A     1F8A       16      33A       0

TOTAL           Name                               Link     Load   Length     Space
        CLASS   STACK          

        CLASS   CODE           
                init                                  0        0        4         0
                text33                             1734     1734       C4         0
                text32                             17F8     17F8       B0         0
                text31                              C3A      C3A      24E         0
                text30                             1EDA     1EDA       30         0
                text29                             1E8A     1E8A       50         0
                text28                             1950     1950       A4         0
                text27                             19F4     19F4       88         0
                text26                             1D34     1D34       58         0
                text25                              9EC      9EC      24E         0
                text24                             14DC     14DC      14C         0
                text23                             1060     1060      184         0
                text22                             1628     1628      10C         0
                text21                             1F30     1F30       26         0
                text20                             1BEA     1BEA       74         0
                text19                             1F0A     1F0A       26         0
                text18                             1C5E     1C5E       6C         0
                text17                             1FCE     1FCE        A         0
                text16                             1F72     1F72       18         0
                text15                             1F56     1F56       1C         0
                text14                             1A7C     1A7C       7E         0
                text13                             1B72     1B72       78         0
                text12                             1E36     1E36       54         0
                text11                             1AFA     1AFA       78         0
                text10                             1FA0     1FA0       14         0
                text9                              1D8C     1D8C       56         0
                text8                              18A8     18A8       A8         0
                text7                              1CCA     1CCA       6A         0
                text6                              1362     1362      17A         0
                text5                              1FC4     1FC4        A         0
                text4                               674      674      378         0
                text3                               E88      E88      1D8         0
                text2                              11E4     11E4      17E         0
                text1                              1DE2     1DE2       54         0
                text0                              1FB4     1FB4       10         0
                cinit                              1F8A     1F8A       16         0

        CLASS   CONST          

        CLASS   SMALLCONST     
                smallconst                          600      600       74         0

        CLASS   MEDIUMCONST    

        CLASS   COMRAM         
                cstackCOMRAM                          1        1       2B         1
                bssCOMRAM                            2C       2C       21         1

        CLASS   ABS1           

        CLASS   BIGRAM         

        CLASS   RAM            

        CLASS   BANK0          

        CLASS   BANK1          

        CLASS   BANK2          

        CLASS   BANK3          

        CLASS   BANK4          

        CLASS   BANK5          

        CLASS   SFR            

        CLASS   CONFIG         
                config                           300000   300000        E         4

        CLASS   IDLOC          
                idloc                            200000   200000        8         5

        CLASS   EEDATA         

        CLASS   FARRAM         



SEGMENTS        Name                           Load    Length   Top    Selector   Space  Class

                reset_vec                      000000  000004  000004         0       0  CODE    
                cstackCOMRAM                   000001  00004C  00004D         1       1  COMRAM  
                smallconst                     000600  000074  000674       300       0  SMALLCON
                text4                          000674  001964  001FD8       33A       0  CODE    


UNUSED ADDRESS RANGES

        Name                Unused          Largest block    Delta
        BANK0            000080-0000FF               80
        BANK1            000100-0001FF              100
        BANK2            000200-0002FF              100
        BANK3            000300-0003FF              100
        BANK4            000400-0004FF              100
        BANK5            000500-0005FF              100
        BIGRAM           00004D-0005FF              5B3
        CODE             000004-0005FF              5FC
                         001FD8-007FFF             6028
        COMRAM           00004D-00007F               33
        CONST            000004-0005FF              5FC
                         001FD8-007FFF             6028
        EEDATA           F00000-F000FF              100
        MEDIUMCONST      001FD8-007FFF             6028
        RAM              000080-0005FF              100
        SFR              000F80-000FFF               80
        SMALLCONST       001FD8-007FFF              100
        STACK            000080-0005FF              580

                                  Symbol Table

?___aldiv                 cstackCOMRAM 000001
?___awdiv                 cstackCOMRAM 000001
?___awmod                 cstackCOMRAM 000009
?___lldiv                 cstackCOMRAM 000001
?___llmod                 cstackCOMRAM 00000E
?___lwdiv                 cstackCOMRAM 000001
?___wmul                  cstackCOMRAM 000001
?_adcRead                 cstackCOMRAM 000001
?_kpRead                  cstackCOMRAM 000001
Delay2ms@i                cstackCOMRAM 000002
Delay40us@i               cstackCOMRAM 000001
_ADCON0                   (abs)        000FC2
_ADCON2                   (abs)        000FC0
_ADRESH                   (abs)        000FC4
_ADRESL                   (abs)        000FC3
_BAUDCON                  (abs)        000FB8
_CCP1CON                  (abs)        000FBD
_CCP2CON                  (abs)        000FBA
_CCPR1L                   (abs)        000FBE
_CCPR2L                   (abs)        000FBB
_Delay2ms                 text15       001F56
_Delay40us                text16       001F72
_INTCON2                  (abs)        000FF1
_PIR1                     (abs)        000F9E
_PORTA                    (abs)        000F80
_PORTB                    (abs)        000F81
_PORTC                    (abs)        000F82
_PORTD                    (abs)        000F83
_PORTE                    (abs)        000F84
_PR2                      (abs)        000FCB
_RCREG                    (abs)        000FAE
_RCSTA                    (abs)        000FAB
_SPBRG                    (abs)        000FAF
_SPBRGH                   (abs)        000FB0
_T2CON                    (abs)        000FCA
_TRISA                    (abs)        000F92
_TRISB                    (abs)        000F93
_TRISC                    (abs)        000F94
_TRISD                    (abs)        000F95
_TRISE                    (abs)        000F96
_TXREG                    (abs)        000FAD
_TXSTA                    (abs)        000FAC
__HRAM                    (abs)        000000
__Habs1                   abs1         000000
__Hbank0                  bank0        000000
__Hbank1                  bank1        000000
__Hbank2                  bank2        000000
__Hbank3                  bank3        000000
__Hbank4                  bank4        000000
__Hbank5                  bank5        000000
__Hbigbss                 bigbss       000000
__Hbigdata                bigdata      000000
__Hbigram                 bigram       000000
__Hbss                    bss          000000
__HbssCOMRAM              bssCOMRAM    000000
__Hcinit                  cinit        000000
__Hclrtext                clrtext      000000
__Hcomram                 comram       000000
__Hconfig                 config       30000E
__Hconst                  const        000000
__HcstackCOMRAM           cstackCOMRAM 000000
__Hdata                   data         000000
__Heeprom_data            eeprom_data  000000
__Hfarbss                 farbss       000000
__Hfardata                fardata      000000
__Hibigdata               ibigdata     000000
__Hidata                  idata        000000
__Hidloc                  idloc        200008
__Hifardata               ifardata     000000
__Hinit                   init         000004
__Hintcode                intcode      000000
__Hintcode_body           intcode_body 000000
__Hintcodelo              intcodelo    000000
__Hintentry               intentry     000000
__Hintret                 intret       000000
__Hintsave_regs           intsave_regs 000000
__Hirdata                 irdata       000000
__Hmediumconst            mediumconst  000000
__HnvFARRAM               nvFARRAM     000000
__Hnvbit                  nvbit        000000
__Hnvrram                 nvrram       000000
__Hparam                  rparam       000000
__Hpowerup                powerup      000000
__Hram                    ram          000000
__Hramtop                 ramtop       000600
__Hrbit                   rbit         000000
__Hrbss                   rbss         000000
__Hrdata                  rdata        000000
__Hreset_vec              reset_vec    000000
__Hrparam                 rparam       000000
__Hsfr                    sfr          000000
__Hsmallconst             smallconst   000674
__Hspace_0                (abs)        001FD8
__Hspace_1                (abs)        00004D
__Hspace_2                (abs)        000000
__Hspace_4                (abs)        60000E
__Hstack                  stack        000000
__Hstruct                 struct       000000
__Htemp                   temp         000000
__Htext                   text         000000
__Htext0                  text0        000000
__Htext1                  text1        000000
__Htext10                 text10       000000
__Htext11                 text11       000000
__Htext12                 text12       000000
__Htext13                 text13       000000
__Htext14                 text14       000000
__Htext15                 text15       000000
__Htext16                 text16       000000
__Htext17                 text17       000000
__Htext18                 text18       000000
__Htext19                 text19       000000
__Htext2                  text2        000000
__Htext20                 text20       000000
__Htext21                 text21       000000
__Htext22                 text22       000000
__Htext23                 text23       000000
__Htext24                 text24       000000
__Htext25                 text25       000000
__Htext26                 text26       000000
__Htext27                 text27       000000
__Htext28                 text28       000000
__Htext29                 text29       000000
__Htext3                  text3        000000
__Htext30                 text30       000000
__Htext31                 text31       000000
__Htext32                 text32       000000
__Htext33                 text33       000000
__Htext4                  text4        000000
__Htext5                  text5        000000
__Htext6                  text6        000000
__Htext7                  text7        000000
__Htext8                  text8        000000
__Htext9                  text9        000000
__LRAM                    (abs)        000001
__Labs1                   abs1         000000
__Lbank0                  bank0        000000
__Lbank1                  bank1        000000
__Lbank2                  bank2        000000
__Lbank3                  bank3        000000
__Lbank4                  bank4        000000
__Lbank5                  bank5        000000
__Lbigbss                 bigbss       000000
__Lbigdata                bigdata      000000
__Lbigram                 bigram       000000
__Lbss                    bss          000000
__LbssCOMRAM              bssCOMRAM    000000
__Lcinit                  cinit        000000
__Lclrtext                clrtext      000000
__Lcomram                 comram       000000
__Lconfig                 config       000000
__Lconst                  const        000000
__LcstackCOMRAM           cstackCOMRAM 000000
__Ldata                   data         000000
__Leeprom_data            eeprom_data  000000
__Lfarbss                 farbss       000000
__Lfardata                fardata      000000
__Libigdata               ibigdata     000000
__Lidata                  idata        000000
__Lidloc                  idloc        000000
__Lifardata               ifardata     000000
__Linit                   init         000000
__Lintcode                intcode      000000
__Lintcode_body           intcode_body 000000
__Lintcodelo              intcodelo    000000
__Lintentry               intentry     000000
__Lintret                 intret       000000
__Lintsave_regs           intsave_regs 000000
__Lirdata                 irdata       000000
__Lmediumconst            mediumconst  000000
__LnvFARRAM               nvFARRAM     000000
__Lnvbit                  nvbit        000000
__Lnvrram                 nvrram       000000
__Lparam                  rparam       000000
__Lpowerup                powerup      000000
__Lram                    ram          000000
__Lramtop                 ramtop       000600
__Lrbit                   rbit         000000
__Lrbss                   rbss         000000
__Lrdata                  rdata        000000
__Lreset_vec              reset_vec    000000
__Lrparam                 rparam       000000
__Lsfr                    sfr          000000
__Lsmallconst             smallconst   000600
__Lspace_0                (abs)        000000
__Lspace_1                (abs)        000000
__Lspace_2                (abs)        000000
__Lspace_4                (abs)        000000
__Lstack                  stack        000000
__Lstruct                 struct       000000
__Ltemp                   temp         000000
__Ltext                   text         000000
__Ltext0                  text0        000000
__Ltext1                  text1        000000
__Ltext10                 text10       000000
__Ltext11                 text11       000000
__Ltext12                 text12       000000
__Ltext13                 text13       000000
__Ltext14                 text14       000000
__Ltext15                 text15       000000
__Ltext16                 text16       000000
__Ltext17                 text17       000000
__Ltext18                 text18       000000
__Ltext19                 text19       000000
__Ltext2                  text2        000000
__Ltext20                 text20       000000
__Ltext21                 text21       000000
__Ltext22                 text22       000000
__Ltext23                 text23       000000
__Ltext24                 text24       000000
__Ltext25                 text25       000000
__Ltext26                 text26       000000
__Ltext27                 text27       000000
__Ltext28                 text28       000000
__Ltext29                 text29       000000
__Ltext3                  text3        000000
__Ltext30                 text30       000000
__Ltext31                 text31       000000
__Ltext32                 text32       000000
__Ltext33                 text33       000000
__Ltext4                  text4        000000
__Ltext5                  text5        000000
__Ltext6                  text6        000000
__Ltext7                  text7        000000
__Ltext8                  text8        000000
__Ltext9                  text9        000000
__S0                      (abs)        001FD8
__S1                      (abs)        00004D
__S2                      (abs)        000000
__S4                      (abs)        000000
__S5                      (abs)        000000
___aldiv                  text22       001628
___aldiv@counter          cstackCOMRAM 000009
___aldiv@dividend         cstackCOMRAM 000001
___aldiv@divisor          cstackCOMRAM 000005
___aldiv@quotient         cstackCOMRAM 00000B
___aldiv@sign             cstackCOMRAM 00000A
___awdiv                  text33       001734
___awdiv@counter          cstackCOMRAM 000005
___awdiv@dividend         cstackCOMRAM 000001
___awdiv@divisor          cstackCOMRAM 000003
___awdiv@quotient         cstackCOMRAM 000007
___awdiv@sign             cstackCOMRAM 000006
___awmod                  text32       0017F8
___awmod@counter          cstackCOMRAM 00000D
___awmod@dividend         cstackCOMRAM 000009
___awmod@divisor          cstackCOMRAM 00000B
___awmod@sign             cstackCOMRAM 00000E
___inthi_sp               stack        000000
___intlo_sp               stack        000000
___lldiv                  text28       001950
___lldiv@counter          cstackCOMRAM 00000D
___lldiv@dividend         cstackCOMRAM 000001
___lldiv@divisor          cstackCOMRAM 000005
___lldiv@quotient         cstackCOMRAM 000009
___llmod                  text27       0019F4
___llmod@counter          cstackCOMRAM 000016
___llmod@dividend         cstackCOMRAM 00000E
___llmod@divisor          cstackCOMRAM 000012
___lwdiv                  text20       001BEA
___lwdiv@counter          cstackCOMRAM 000007
___lwdiv@dividend         cstackCOMRAM 000001
___lwdiv@divisor          cstackCOMRAM 000003
___lwdiv@quotient         cstackCOMRAM 000005
___param_bank             (abs)        000000
___rparam_used            (abs)        000001
___sp                     stack        000000
___wmul                   text19       001F0A
___wmul@multiplicand      cstackCOMRAM 000003
___wmul@multiplier        cstackCOMRAM 000001
___wmul@product           cstackCOMRAM 000005
__accesstop               (abs)        000080
__activetblptr            (abs)        000002
__end_of_Delay2ms         text15       001F72
__end_of_Delay40us        text16       001F8A
__end_of___aldiv          text22       001734
__end_of___awdiv          text33       0017F8
__end_of___awmod          text32       0018A8
__end_of___lldiv          text28       0019F4
__end_of___llmod          text27       001A7C
__end_of___lwdiv          text20       001C5E
__end_of___wmul           text19       001F30
__end_of__initialization  cinit        001F96
__end_of_adcInit          text30       001F0A
__end_of_adcRead          text29       001EDA
__end_of_autoVentilador   text3        001060
__end_of_contador         text23       0011E4
__end_of_digitalWrite     text25       000C3A
__end_of_display          text7        001D34
__end_of_func             text1        001E36
__end_of_kpDebounce       text6        0014DC
__end_of_kpInit           text17       001FD8
__end_of_kpRead           text5        001FCE
__end_of_lcdCommand       text14       001AFA
__end_of_lcdData          text12       001E8A
__end_of_lcdInit          text13       001BEA
__end_of_livreVentilador  text2        001362
__end_of_main             text0        001FC4
__end_of_pinMode          text31       000E88
__end_of_printf           text11       001B72
__end_of_pwmFrequency     text21       001F56
__end_of_pwmInit          text10       001FB4
__end_of_pwmSet1          text18       001CCA
__end_of_ssdDigit         text26       001D8C
__end_of_ssdInit          text9        001DE2
__end_of_ssdUpdate        text24       001628
__end_of_start            text8        001950
__end_of_temporizador     text4        0009EC
__end_of_valor@ssd$F459   smallconst   000611
__initialization          cinit        001F8A
__mediumconst             mediumconst  000000
__pbssCOMRAM              bssCOMRAM    00002C
__pcinit                  cinit        001F8A
__pcstackCOMRAM           cstackCOMRAM 000001
__psmallconst             smallconst   000600
__ptext0                  text0        001FB4
__ptext1                  text1        001DE2
__ptext10                 text10       001FA0
__ptext11                 text11       001AFA
__ptext12                 text12       001E36
__ptext13                 text13       001B72
__ptext14                 text14       001A7C
__ptext15                 text15       001F56
__ptext16                 text16       001F72
__ptext17                 text17       001FCE
__ptext18                 text18       001C5E
__ptext19                 text19       001F0A
__ptext2                  text2        0011E4
__ptext20                 text20       001BEA
__ptext21                 text21       001F30
__ptext22                 text22       001628
__ptext23                 text23       001060
__ptext24                 text24       0014DC
__ptext25                 text25       0009EC
__ptext26                 text26       001D34
__ptext27                 text27       0019F4
__ptext28                 text28       001950
__ptext29                 text29       001E8A
__ptext3                  text3        000E88
__ptext30                 text30       001EDA
__ptext31                 text31       000C3A
__ptext32                 text32       0017F8
__ptext33                 text33       001734
__ptext4                  text4        000674
__ptext5                  text5        001FC4
__ptext6                  text6        001362
__ptext7                  text7        001CCA
__ptext8                  text8        0018A8
__ptext9                  text9        001D8C
__ramtop                  ramtop       000600
__size_of_Delay2ms        (abs)        000000
__size_of_Delay40us       (abs)        000000
__size_of___aldiv         (abs)        000000
__size_of___awdiv         (abs)        000000
__size_of___awmod         (abs)        000000
__size_of___lldiv         (abs)        000000
__size_of___llmod         (abs)        000000
__size_of___lwdiv         (abs)        000000
__size_of___wmul          (abs)        000000
__size_of_adcInit         (abs)        000000
__size_of_adcRead         (abs)        000000
__size_of_autoVentilador  (abs)        000000
__size_of_contador        (abs)        000000
__size_of_digitalWrite    (abs)        000000
__size_of_display         (abs)        000000
__size_of_func            (abs)        000000
__size_of_kpDebounce      (abs)        000000
__size_of_kpInit          (abs)        000000
__size_of_kpRead          (abs)        000000
__size_of_lcdCommand      (abs)        000000
__size_of_lcdData         (abs)        000000
__size_of_lcdInit         (abs)        000000
__size_of_livreVentilador (abs)        000000
__size_of_main            (abs)        000000
__size_of_pinMode         (abs)        000000
__size_of_printf          (abs)        000000
__size_of_pwmFrequency    (abs)        000000
__size_of_pwmInit         (abs)        000000
__size_of_pwmSet1         (abs)        000000
__size_of_ssdDigit        (abs)        000000
__size_of_ssdInit         (abs)        000000
__size_of_ssdUpdate       (abs)        000000
__size_of_start           (abs)        000000
__size_of_temporizador    (abs)        000000
__smallconst              smallconst   000600
_adcInit                  text30       001EDA
_adcRead                  text29       001E8A
_autoVentilador           text3        000E88
_cont                     bssCOMRAM    000034
_contador                 text23       001060
_de                       bssCOMRAM    00004B
_digitalWrite             text25       0009EC
_display                  text7        001CCA
_display@ssd$F460         bssCOMRAM    000049
_func                     text1        001DE2
_kpDebounce               text6        001362
_kpInit                   text17       001FCE
_kpRead                   text5        001FC4
_lcdCommand               text14       001A7C
_lcdData                  text12       001E36
_lcdInit                  text13       001B72
_livreVentilador          text2        0011E4
_main                     text0        001FB4
_pinMode                  text31       000C3A
_printf                   text11       001AFA
_pwmFrequency             text21       001F30
_pwmInit                  text10       001FA0
_pwmSet1                  text18       001C5E
_ssdDigit                 text26       001D34
_ssdInit                  text9        001D8C
_ssdUpdate                text24       0014DC
_start                    text8        0018A8
_started                  bssCOMRAM    00004A
_tecla                    bssCOMRAM    000044
_tempo                    bssCOMRAM    00002C
_temporizador             text4        000674
_tmp                      bssCOMRAM    000038
_v0                       bssCOMRAM    000048
_v1                       bssCOMRAM    000047
_v2                       bssCOMRAM    000046
_v3                       bssCOMRAM    000045
_valor                    bssCOMRAM    000042
_valor@ssd$F459           smallconst   000601
adcRead@ADvalor           cstackCOMRAM 000003
adcRead@channel           cstackCOMRAM 000001
autoVentilador@on         cstackCOMRAM 000021
autoVentilador@valor      cstackCOMRAM 000027
autoVentilador@x          cstackCOMRAM 000023
autoVentilador@x_522      cstackCOMRAM 000025
contador@cont             cstackCOMRAM 000019
contador@i                cstackCOMRAM 00001D
contador@j                cstackCOMRAM 00001F
digitalWrite@pin          cstackCOMRAM 000001
digitalWrite@value        cstackCOMRAM 000003
display@coluna            cstackCOMRAM 000009
end_of_initialization     cinit        001F96
func@tecla                cstackCOMRAM 00002B
intlevel0                 text         000000
intlevel1                 text         000000
intlevel2                 text         000000
intlevel3                 text         000000
isa$std                   (abs)        000001
isa$xinst                 (abs)        000000
kpDebounce@i              cstackCOMRAM 00000A
kpDebounce@j              cstackCOMRAM 000009
kpDebounce@k              cstackCOMRAM 000007
kpDebounce@old_D          cstackCOMRAM 000006
kpDebounce@tempo          bssCOMRAM    00004C
kpDebounce@valorAntigo    bssCOMRAM    00003E
kpDebounce@valorNovo      bssCOMRAM    000040
lcdCommand@cmd            cstackCOMRAM 000008
lcdCommand@old_D          cstackCOMRAM 000007
lcdData@old_D             cstackCOMRAM 000008
lcdData@valor             cstackCOMRAM 000007
livreVentilador@on        cstackCOMRAM 000013
livreVentilador@valor     cstackCOMRAM 000015
pinMode@pin               cstackCOMRAM 000001
pinMode@type              cstackCOMRAM 000003
printf@c                  cstackCOMRAM 000009
printf@i                  cstackCOMRAM 00000D
pwmFrequency@freq         cstackCOMRAM 00000F
pwmSet1@porcento          cstackCOMRAM 00000A
pwmSet1@val               cstackCOMRAM 00000B
ssdDigit@pos              cstackCOMRAM 000017
ssdDigit@val              cstackCOMRAM 000018
stackhi                   (abs)        0005FF
stacklo                   (abs)        000080
start                     init         000000
start@i                   cstackCOMRAM 00000F
start_initialization      cinit        001F8A
temporizador@aux          cstackCOMRAM 000011
temporizador@i            cstackCOMRAM 000013


MODULE INFORMATION

Module		Function		Class		Link	Load	Size
ssd.c
		_ssdInit       		CODE           	1D8C	0000	86
		_ssdDigit      		CODE           	1D34	0000	88
		_ssdUpdate     		CODE           	14DC	0000	332

ssd.c estimated size: 506

C:\Program Files\Microchip\xc8\v2.32\pic\sources\c99\common\awdiv.c
		___awdiv       		CODE           	1734	0000	196

C:\Program Files\Microchip\xc8\v2.32\pic\sources\c99\common\awdiv.c estimated size: 196

C:\Program Files\Microchip\xc8\v2.32\pic\sources\c99\common\aldiv.c
		___aldiv       		CODE           	1628	0000	268

C:\Program Files\Microchip\xc8\v2.32\pic\sources\c99\common\aldiv.c estimated size: 268

keypad.c
		_kpInit        		CODE           	1FCE	0000	10
		_kpDebounce    		CODE           	1362	0000	378
		_kpRead        		CODE           	1FC4	0000	10

keypad.c estimated size: 398

io.c
		_digitalWrite  		CODE           	09EC	0000	590
		_pinMode       		CODE           	0C3A	0000	590

io.c estimated size: 1180

pwm.c
		_pwmInit       		CODE           	1FA0	0000	20
		_pwmSet1       		CODE           	1C5E	0000	108
		_pwmFrequency  		CODE           	1F30	0000	38

pwm.c estimated size: 166

C:\Program Files\Microchip\xc8\v2.32\pic\sources\c99\common\Umul16.c
		___wmul        		CODE           	1F0A	0000	38

C:\Program Files\Microchip\xc8\v2.32\pic\sources\c99\common\Umul16.c estimated size: 38

C:\Program Files\Microchip\xc8\v2.32\pic\sources\c99\common\llmod.c
		___llmod       		CODE           	19F4	0000	136

C:\Program Files\Microchip\xc8\v2.32\pic\sources\c99\common\llmod.c estimated size: 136

adc.c
		_adcRead       		CODE           	1E8A	0000	80
		_adcInit       		CODE           	1EDA	0000	48

adc.c estimated size: 128

shared
		__initialization		CODE           	1F8A	0000	12
		_valor@ssd$F459		SMALLCONST     	0601	0000	16

shared estimated size: 28

C:\Program Files\Microchip\xc8\v2.32\pic\sources\c99\common\awmod.c
		___awmod       		CODE           	17F8	0000	176

C:\Program Files\Microchip\xc8\v2.32\pic\sources\c99\common\awmod.c estimated size: 176

stdio.c
		_printf        		CODE           	1AFA	0000	120

stdio.c estimated size: 120

C:\Program Files\Microchip\xc8\v2.32\pic\sources\c99\common\lwdiv.c
		___lwdiv       		CODE           	1BEA	0000	116

C:\Program Files\Microchip\xc8\v2.32\pic\sources\c99\common\lwdiv.c estimated size: 116

menu.c
		_start         		CODE           	18A8	0000	168
		_func          		CODE           	1DE2	0000	84

menu.c estimated size: 252

lcd.c
		_lcdCommand    		CODE           	1A7C	0000	126
		_Delay40us     		CODE           	1F72	0000	24
		_lcdInit       		CODE           	1B72	0000	120
		_lcdData       		CODE           	1E36	0000	84
		_Delay2ms      		CODE           	1F56	0000	28

lcd.c estimated size: 382

C:\Program Files\Microchip\xc8\v2.32\pic\sources\c99\common\__lldiv.c
		___lldiv       		CODE           	1950	0000	164

C:\Program Files\Microchip\xc8\v2.32\pic\sources\c99\common\__lldiv.c estimated size: 164

main.c
		_main          		CODE           	1FB4	0000	16

main.c estimated size: 16

ventilador.c
		_display       		CODE           	1CCA	0000	106
		_livreVentilador		CODE           	11E4	0000	382
		_temporizador  		CODE           	0674	0000	888
		_autoVentilador		CODE           	0E88	0000	472
		_contador      		CODE           	1060	0000	388

ventilador.c estimated size: 2236

